2026-09-18 18:40:35.975 [background-preinit] INFO  [traceId=] o.h.validator.internal.util.Version - HV000001: Hibernate Validator 8.0.1.Final

  .   ____          _            __ _ _
 /\\ / ___'_ __ _ _(_)_ __  __ _ \ \ \ \
( ( )\___ | '_ | '_| | '_ \/ _` | \ \ \ \
 \\/  ___)| |_)| | | | | || (_| |  ) ) ) )
  '  |____| .__|_| |_|_| |_\__, | / / / /
 =========|_|==============|___/=/_/_/_/
 :: Spring Boot ::                (v3.2.5)

2026-09-18 18:40:44.721 [main] INFO  [traceId=] com.lumen.auth.AuthApplication - The following 1 profile is active: "dev"
2026-09-18 18:40:50.024 [main] INFO  [traceId=] o.s.d.r.c.RepositoryConfigurationDelegate - Multiple Spring Data modules found, entering strict repository configuration mode
2026-09-18 18:40:50.037 [main] INFO  [traceId=] o.s.d.r.c.RepositoryConfigurationDelegate - Bootstrapping Spring Data Redis repositories in DEFAULT mode.
2026-09-18 18:40:50.123 [main] INFO  [traceId=] o.s.d.r.c.RepositoryConfigurationDelegate - Finished Spring Data repository scanning in 22 ms. Found 0 Redis repository interfaces.
2026-09-18 18:40:57.523 [main] INFO  [traceId=] o.s.b.w.e.tomcat.TomcatWebServer - Tomcat initialized with port 9202 (http)
2026-09-18 18:40:57.538 [main] INFO  [traceId=] o.a.coyote.http11.Http11NioProtocol - Initializing ProtocolHandler ["http-nio-9202"]
2026-09-18 18:40:57.540 [main] INFO  [traceId=] o.a.catalina.core.StandardService - Starting service [Tomcat]
2026-09-18 18:40:57.543 [main] INFO  [traceId=] o.a.catalina.core.StandardEngine - Starting Servlet engine: [Apache Tomcat/10.1.20]
2026-09-18 18:40:57.662 [main] INFO  [traceId=] o.a.c.c.C.[Tomcat].[localhost].[/] - Initializing Spring embedded WebApplicationContext
2026-09-18 18:40:57.666 [main] INFO  [traceId=] o.s.b.w.s.c.ServletWebServerApplicationContext - Root WebApplicationContext: initialization completed in 12658 ms
2026-09-18 18:40:58.518 [main] INFO  [traceId=] c.a.d.s.b.a.DruidDataSourceAutoConfigure - Init DruidDataSource
2026-09-18 18:41:05.076 [main] INFO  [traceId=] c.alibaba.druid.pool.DruidDataSource - {dataSource-1} inited
 _ _   |_  _ _|_. ___ _ |    _ 
| | |\/|_)(_| | |_\  |_)||_|_\ 
     /               |         
                        3.5.5 
2026-09-18 18:41:08.553 [main] INFO  [traceId=] o.f.c.i.license.VersionPrinter - Flyway Community Edition 9.22.3 by Redgate
2026-09-18 18:41:08.554 [main] INFO  [traceId=] o.f.c.i.license.VersionPrinter - See release notes here: https://rd.gt/416ObMi
2026-09-18 18:41:08.554 [main] INFO  [traceId=] o.f.c.i.license.VersionPrinter - 
2026-09-18 18:41:08.606 [main] INFO  [traceId=] org.flywaydb.core.FlywayExecutor - Database: jdbc:mysql://localhost:3306/lumen_db (MySQL 8.0)
2026-09-18 18:41:08.713 [main] INFO  [traceId=] o.f.core.internal.command.DbValidate - Successfully validated 10 migrations (execution time 00:00.058s)
2026-09-18 18:41:08.734 [main] INFO  [traceId=] o.f.core.internal.command.DbMigrate - Current version of schema `lumen_db`: 1.3.1
2026-09-18 18:41:08.735 [main] ERROR [traceId=] o.f.core.internal.command.DbMigrate - Schema `lumen_db` has version 1.3.1, but no migration could be resolved in the configured locations !
2026-09-18 18:41:08.740 [main] INFO  [traceId=] o.f.core.internal.command.DbMigrate - Schema `lumen_db` is up to date. No migration necessary.
2026-09-18 18:41:16.043 [main] WARN  [traceId=] o.s.b.a.s.s.UserDetailsServiceAutoConfiguration - 

Using generated security password: d3f3af5d-dec9-41be-9656-f6781114fe16

This generated password is for development use only. Your security configuration must be updated before running your application in production.

2026-09-18 18:41:17.034 [main] INFO  [traceId=] o.s.s.web.DefaultSecurityFilterChain - Will secure any request with [org.springframework.security.web.session.DisableEncodeUrlFilter@6e489bb8, org.springframework.security.web.context.request.async.WebAsyncManagerIntegrationFilter@1331d6fd, org.springframework.security.web.context.SecurityContextHolderFilter@6bf77ee, org.springframework.security.web.header.HeaderWriterFilter@1e592ef2, org.springframework.web.filter.CorsFilter@6b6c0b7c, org.springframework.security.web.savedrequest.RequestCacheAwareFilter@372841d2, org.springframework.security.web.servletapi.SecurityContextHolderAwareRequestFilter@6c8d638a, org.springframework.security.web.authentication.AnonymousAuthenticationFilter@5b1f0f26, org.springframework.security.web.access.ExceptionTranslationFilter@446f3a53, org.springframework.security.web.access.intercept.AuthorizationFilter@69a294d8]
2026-09-18 18:41:21.484 [main] INFO  [traceId=] o.a.coyote.http11.Http11NioProtocol - Starting ProtocolHandler ["http-nio-9202"]
2026-09-18 18:41:21.541 [main] INFO  [traceId=] o.s.b.w.e.tomcat.TomcatWebServer - Tomcat started on port 9202 (http) with context path ''
2026-09-18 18:41:24.977 [com.alibaba.nacos.client.naming.grpc.redo.0] WARN  [traceId=] com.alibaba.nacos.client.naming - Grpc Connection is disconnect, skip current redo task
2026-09-18 18:41:25.718 [main] INFO  [traceId=] com.lumen.auth.AuthApplication - Started AuthApplication in 51.746 seconds (process running for 53.024)
2026-09-18 18:49:29.633 [http-nio-9202-exec-1] INFO  [traceId=] o.a.c.c.C.[Tomcat].[localhost].[/] - Initializing Spring DispatcherServlet 'dispatcherServlet'
2026-09-18 18:49:29.634 [http-nio-9202-exec-1] INFO  [traceId=] o.s.web.servlet.DispatcherServlet - Initializing Servlet 'dispatcherServlet'
2026-09-18 18:49:29.636 [http-nio-9202-exec-1] INFO  [traceId=] o.s.web.servlet.DispatcherServlet - Completed initialization in 1 ms
2026-09-18 18:49:33.616 [http-nio-9202-exec-3] INFO  [traceId=0c7be2565f9d41509c48bbcc3d947c54] c.lumen.auth.service.SessionService - Session created: userId=100, tenantId=0, sessionId=6763dafc-2abe-4f6e-8c88-26a965db3e46
2026-09-18 18:49:53.834 [http-nio-9202-exec-5] INFO  [traceId=b31654ddd8804cf3bdd614b99484a1f1] c.lumen.auth.service.SessionService - Session created: userId=100, tenantId=0, sessionId=0b8723c0-1b51-4a1a-94e5-64a3b20c2ad1
2026-09-18 18:51:06.905 [http-nio-9202-exec-9] INFO  [traceId=a6e68d54a52340fcb5fd1f2c318f41f2] c.lumen.auth.service.SessionService - Session created: userId=100, tenantId=0, sessionId=dabb827a-dab1-4285-9604-dfd9bd0f04cb
2026-09-18 18:51:22.894 [http-nio-9202-exec-3] INFO  [traceId=38c582d747a94439b08e5b36c82baf32] c.lumen.auth.service.SessionService - Session created: userId=100, tenantId=0, sessionId=307cb630-496b-468a-a08c-c47b1af4c6e0
2026-09-18 18:53:24.378 [http-nio-9202-exec-9] INFO  [traceId=fdb8177e5cf04b2b9c07f7686441a76a] c.lumen.auth.service.SessionService - Session created: userId=100, tenantId=0, sessionId=ecbc9ccc-2afd-469b-9d95-87e9981fd27e
