2026-09-18 18:52:58.860 [background-preinit] INFO  [traceId=] o.h.validator.internal.util.Version - HV000001: Hibernate Validator 8.0.1.Final

  .   ____          _            __ _ _
 /\\ / ___'_ __ _ _(_)_ __  __ _ \ \ \ \
( ( )\___ | '_ | '_| | '_ \/ _` | \ \ \ \
 \\/  ___)| |_)| | | | | || (_| |  ) ) ) )
  '  |____| .__|_| |_|_| |_\__, | / / / /
 =========|_|==============|___/=/_/_/_/
 :: Spring Boot ::                (v3.2.5)

2026-09-18 18:52:59.905 [main] INFO  [traceId=] c.lumen.gateway.GatewayApplication - The following 1 profile is active: "dev"
2026-09-18 18:53:01.329 [main] INFO  [traceId=] o.s.b.w.e.tomcat.TomcatWebServer - Tomcat initialized with port 9200 (http)
2026-09-18 18:53:01.344 [main] INFO  [traceId=] o.a.coyote.http11.Http11NioProtocol - Initializing ProtocolHandler ["http-nio-9200"]
2026-09-18 18:53:01.346 [main] INFO  [traceId=] o.a.catalina.core.StandardService - Starting service [Tomcat]
2026-09-18 18:53:01.346 [main] INFO  [traceId=] o.a.catalina.core.StandardEngine - Starting Servlet engine: [Apache Tomcat/10.1.20]
2026-09-18 18:53:04.906 [main] INFO  [traceId=] o.s.c.g.r.RouteDefinitionRouteLocator - Loaded RoutePredicateFactory [After]
2026-09-18 18:53:04.906 [main] INFO  [traceId=] o.s.c.g.r.RouteDefinitionRouteLocator - Loaded RoutePredicateFactory [Before]
2026-09-18 18:53:04.907 [main] INFO  [traceId=] o.s.c.g.r.RouteDefinitionRouteLocator - Loaded RoutePredicateFactory [Between]
2026-09-18 18:53:04.907 [main] INFO  [traceId=] o.s.c.g.r.RouteDefinitionRouteLocator - Loaded RoutePredicateFactory [Cookie]
2026-09-18 18:53:04.907 [main] INFO  [traceId=] o.s.c.g.r.RouteDefinitionRouteLocator - Loaded RoutePredicateFactory [Header]
2026-09-18 18:53:04.907 [main] INFO  [traceId=] o.s.c.g.r.RouteDefinitionRouteLocator - Loaded RoutePredicateFactory [Host]
2026-09-18 18:53:04.907 [main] INFO  [traceId=] o.s.c.g.r.RouteDefinitionRouteLocator - Loaded RoutePredicateFactory [Method]
2026-09-18 18:53:04.907 [main] INFO  [traceId=] o.s.c.g.r.RouteDefinitionRouteLocator - Loaded RoutePredicateFactory [Path]
2026-09-18 18:53:04.907 [main] INFO  [traceId=] o.s.c.g.r.RouteDefinitionRouteLocator - Loaded RoutePredicateFactory [Query]
2026-09-18 18:53:04.907 [main] INFO  [traceId=] o.s.c.g.r.RouteDefinitionRouteLocator - Loaded RoutePredicateFactory [ReadBody]
2026-09-18 18:53:04.908 [main] INFO  [traceId=] o.s.c.g.r.RouteDefinitionRouteLocator - Loaded RoutePredicateFactory [RemoteAddr]
2026-09-18 18:53:04.909 [main] INFO  [traceId=] o.s.c.g.r.RouteDefinitionRouteLocator - Loaded RoutePredicateFactory [XForwardedRemoteAddr]
2026-09-18 18:53:04.909 [main] INFO  [traceId=] o.s.c.g.r.RouteDefinitionRouteLocator - Loaded RoutePredicateFactory [Weight]
2026-09-18 18:53:04.909 [main] INFO  [traceId=] o.s.c.g.r.RouteDefinitionRouteLocator - Loaded RoutePredicateFactory [CloudFoundryRouteService]
2026-09-18 18:53:05.288 [main] INFO  [traceId=] o.s.b.a.s.r.ReactiveUserDetailsServiceAutoConfiguration - 

Using generated security password: f88a3331-8225-436e-a96e-dd82d1e68a21

2026-09-18 18:53:05.800 [main] INFO  [traceId=] o.a.coyote.http11.Http11NioProtocol - Starting ProtocolHandler ["http-nio-9200"]
2026-09-18 18:53:05.846 [main] INFO  [traceId=] o.s.b.w.e.tomcat.TomcatWebServer - Tomcat started on port 9200 (http) with context path ''
2026-09-18 18:53:09.311 [boundedElastic-1] WARN  [traceId=] com.alibaba.nacos.client.naming - out of date data received, old-t: 1789728789290, new-t: 1789728789269
2026-09-18 18:53:09.605 [main] INFO  [traceId=] c.lumen.gateway.GatewayApplication - Started GatewayApplication in 11.571 seconds (process running for 12.279)
