2026-09-18 18:09:44.633 [background-preinit] INFO  [traceId=] o.h.validator.internal.util.Version - HV000001: Hibernate Validator 8.0.1.Final

  .   ____          _            __ _ _
 /\\ / ___'_ __ _ _(_)_ __  __ _ \ \ \ \
( ( )\___ | '_ | '_| | '_ \/ _` | \ \ \ \
 \\/  ___)| |_)| | | | | || (_| |  ) ) ) )
  '  |____| .__|_| |_|_| |_\__, | / / / /
 =========|_|==============|___/=/_/_/_/
 :: Spring Boot ::                (v3.2.5)

2026-09-18 18:09:49.565 [main] INFO  [traceId=] com.lumen.org.OrgApplication - The following 1 profile is active: "dev"
2026-09-18 18:09:52.851 [main] INFO  [traceId=] o.s.d.r.c.RepositoryConfigurationDelegate - Multiple Spring Data modules found, entering strict repository configuration mode
2026-09-18 18:09:52.876 [main] INFO  [traceId=] o.s.d.r.c.RepositoryConfigurationDelegate - Bootstrapping Spring Data Redis repositories in DEFAULT mode.
2026-09-18 18:09:52.942 [main] INFO  [traceId=] o.s.d.r.c.RepositoryConfigurationDelegate - Finished Spring Data repository scanning in 19 ms. Found 0 Redis repository interfaces.
2026-09-18 18:09:58.139 [main] INFO  [traceId=] o.s.b.w.e.tomcat.TomcatWebServer - Tomcat initialized with port 9204 (http)
2026-09-18 18:09:58.160 [main] INFO  [traceId=] o.a.coyote.http11.Http11NioProtocol - Initializing ProtocolHandler ["http-nio-9204"]
2026-09-18 18:09:58.168 [main] INFO  [traceId=] o.a.catalina.core.StandardService - Starting service [Tomcat]
2026-09-18 18:09:58.168 [main] INFO  [traceId=] o.a.catalina.core.StandardEngine - Starting Servlet engine: [Apache Tomcat/10.1.20]
2026-09-18 18:09:58.565 [main] INFO  [traceId=] o.a.c.c.C.[Tomcat].[localhost].[/] - Initializing Spring embedded WebApplicationContext
2026-09-18 18:09:58.566 [main] INFO  [traceId=] o.s.b.w.s.c.ServletWebServerApplicationContext - Root WebApplicationContext: initialization completed in 8856 ms
2026-09-18 18:09:59.720 [main] INFO  [traceId=] c.a.d.s.b.a.DruidDataSourceAutoConfigure - Init DruidDataSource
2026-09-18 18:10:02.745 [main] INFO  [traceId=] c.alibaba.druid.pool.DruidDataSource - {dataSource-1} inited
 _ _   |_  _ _|_. ___ _ |    _ 
| | |\/|_)(_| | |_\  |_)||_|_\ 
     /               |         
                        3.5.5 
2026-09-18 18:10:05.583 [main] INFO  [traceId=] o.f.c.i.license.VersionPrinter - Flyway Community Edition 9.22.3 by Redgate
2026-09-18 18:10:05.584 [main] INFO  [traceId=] o.f.c.i.license.VersionPrinter - See release notes here: https://rd.gt/416ObMi
2026-09-18 18:10:05.586 [main] INFO  [traceId=] o.f.c.i.license.VersionPrinter - 
2026-09-18 18:10:05.641 [main] INFO  [traceId=] org.flywaydb.core.FlywayExecutor - Database: jdbc:mysql://localhost:3306/lumen_db (MySQL 8.0)
2026-09-18 18:10:05.788 [main] INFO  [traceId=] o.f.core.internal.command.DbValidate - Successfully validated 10 migrations (execution time 00:00.095s)
2026-09-18 18:10:05.804 [main] INFO  [traceId=] o.f.core.internal.command.DbMigrate - Current version of schema `lumen_db`: 1.3.1
2026-09-18 18:10:05.804 [main] ERROR [traceId=] o.f.core.internal.command.DbMigrate - Schema `lumen_db` has version 1.3.1, but no migration could be resolved in the configured locations !
2026-09-18 18:10:05.815 [main] INFO  [traceId=] o.f.core.internal.command.DbMigrate - Schema `lumen_db` is up to date. No migration necessary.
2026-09-18 18:10:18.182 [main] INFO  [traceId=] o.a.coyote.http11.Http11NioProtocol - Starting ProtocolHandler ["http-nio-9204"]
2026-09-18 18:10:18.319 [main] INFO  [traceId=] o.s.b.w.e.tomcat.TomcatWebServer - Tomcat started on port 9204 (http) with context path ''
2026-09-18 18:10:22.342 [com.alibaba.nacos.client.naming.grpc.redo.0] WARN  [traceId=] com.alibaba.nacos.client.naming - Grpc Connection is disconnect, skip current redo task
2026-09-18 18:10:23.547 [main] INFO  [traceId=] com.lumen.org.OrgApplication - Started OrgApplication in 40.252 seconds (process running for 41.386)
2026-09-18 18:10:36.017 [http-nio-9204-exec-1] INFO  [traceId=] o.a.c.c.C.[Tomcat].[localhost].[/] - Initializing Spring DispatcherServlet 'dispatcherServlet'
2026-09-18 18:10:36.018 [http-nio-9204-exec-1] INFO  [traceId=] o.s.web.servlet.DispatcherServlet - Initializing Servlet 'dispatcherServlet'
2026-09-18 18:10:36.019 [http-nio-9204-exec-1] INFO  [traceId=] o.s.web.servlet.DispatcherServlet - Completed initialization in 1 ms
